3	src/main/java/org/raku/comma/formatter/RakuFormattingModelBuilder.kt
2	src/main/java/org/raku/comma/highlighter/RakuHighlightVisitor.java
2	src/main/java/org/raku/comma/psi/RakuArityMatcher.kt
2	src/main/java/org/raku/comma/services/project/RakuMetaDataComponent.kt
2	src/main/java/org/raku/comma/services/project/RakuProjectSdkService.kt
2	src/main/java/org/raku/comma/services/support/moduleDetails/DependencyDetails.kt
2	src/main/java/org/raku/comma/services/support/moduleDetails/ModuleListFetcher.kt
2	src/main/java/org/raku/comma/services/support/moduleDetails/ProjectModelSync.kt
2	src/main/java/org/raku/comma/ui/dialogs/RakuFileCreationDialog .kt
2	src/main/java/org/raku/comma/utils/RakuScriptRunner.java
1	src/main/java/org/raku/comma/RakuIcons.java
1	src/main/java/org/raku/comma/RakuParameterInfoHandler.java
1	src/main/java/org/raku/comma/actions/NewRakuFileAction.kt
1	src/main/java/org/raku/comma/actions/ShowRakuProjectStructureAction.java
1	src/main/java/org/raku/comma/application/RakuDocStarter.java
1	src/main/java/org/raku/comma/coverage/RakuCoverageSourceAnnotator.java
1	src/main/java/org/raku/comma/cro/CroIndexKeys.java
1	src/main/java/org/raku/comma/cro/template/psi/impl/CroTemplatePartImpl.java
1	src/main/java/org/raku/comma/event/handlers/RakuModuleFileChangeListener.kt
1	src/main/java/org/raku/comma/extensions/RakuGotoDeclarationsHandler.kt
1	src/main/java/org/raku/comma/formatter/RakuBlock.kt
1	src/main/java/org/raku/comma/heapsnapshot/ui/HeapSnapshotBrowserTab.java
1	src/main/java/org/raku/comma/inspection/fixes/MakeSubroutineExportedFix.kt
1	src/main/java/org/raku/comma/inspection/fixes/RemoveUnusedRoutineFix.kt
1	src/main/java/org/raku/comma/inspection/inspections/CallArityInspection.kt
1	src/main/java/org/raku/comma/inspection/inspections/IdiomaticLoopInspection.kt
1	src/main/java/org/raku/comma/inspection/inspections/MissingThingsInspection.kt
1	src/main/java/org/raku/comma/inspection/inspections/UndeclaredOrDeprecatedRoutineInspection.kt
1	src/main/java/org/raku/comma/inspection/inspections/UnknownRegexModInspection.kt
1	src/main/java/org/raku/comma/liveTemplates/CroClientVar.java
1	src/main/java/org/raku/comma/metadata/ExternalMetaFile.kt
1	src/main/java/org/raku/comma/metadata/MetaFile.kt
1	src/main/java/org/raku/comma/module/builder/RakuModuleBuilderModule.java
1	src/main/java/org/raku/comma/profiler/compare/ProfileCompareCalls.java
1	src/main/java/org/raku/comma/profiler/run/RakuProfileTask.java
1	src/main/java/org/raku/comma/project/RakuProjectBuilder.kt
1	src/main/java/org/raku/comma/psi/external/ExternalRakuPackageDecl.kt
1	src/main/java/org/raku/comma/psi/impl/RakuFileImpl.kt
1	src/main/java/org/raku/comma/psi/impl/RakuInfixApplicationImpl.java
1	src/main/java/org/raku/comma/psi/impl/RakuPackageDeclImpl.kt
1	src/main/java/org/raku/comma/psi/impl/RakuRegexDeclImpl.java
1	src/main/java/org/raku/comma/psi/impl/RakuUseStatementImpl.kt
1	src/main/java/org/raku/comma/refactoring/RakuExtractCodeBlockHandler.java
1	src/main/java/org/raku/comma/refactoring/inline/call/RakuInlineRoutineProcessor.java
1	src/main/java/org/raku/comma/rename/RakuRenameDialog.java
1	src/main/java/org/raku/comma/run/RakuRunCommandLineState.java
1	src/main/java/org/raku/comma/run/RakuRunSettingsEditor.java
1	src/main/java/org/raku/comma/testing/TapOutputToGeneralTestEventsConverter.java
TOTAL	59
