80 distinct
ProjectViewPane	com.intellij.ide.projectView.impl.ProjectViewPane
RakuDocStarter	org.raku.comma.application.RakuDocStarter
RakuReferencesCodeVisionProvider	org.raku.comma.codeInsights.RakuReferencesCodeVisionProvider
GotoActionMethodProvider	org.raku.comma.contribution.GotoActionMethodProvider
GotoGrammarRuleProvider	org.raku.comma.contribution.GotoGrammarRuleProvider
GotoTemplateFileProvider	org.raku.comma.contribution.GotoTemplateFileProvider
GotoTemplatePartCallProvider	org.raku.comma.contribution.GotoTemplatePartCallProvider
GotoTemplatePartFileProvider	org.raku.comma.contribution.GotoTemplatePartFileProvider
RakuClassNameContributor	org.raku.comma.contribution.RakuClassNameContributor
RakuSymbolNameContributor	org.raku.comma.contribution.RakuSymbolNameContributor
RakuCoverageRunner	org.raku.comma.coverage.RakuCoverageRunner
RakuProjectViewCoverageDecorator	org.raku.comma.coverage.RakuProjectViewCoverageDecorator
CroRouteIndex	org.raku.comma.cro.CroRouteIndex
CroTemplateCall	org.raku.comma.cro.CroTemplateCall
CroTemplateIndex	org.raku.comma.cro.CroTemplateIndex
RakuCompleteCroRunConfigurationType	org.raku.comma.cro.run.RakuCompleteCroRunConfigurationType
CroTemplateSymbolNameContributor	org.raku.comma.cro.template.CroTemplateSymbolNameContributor
CroTemplateUsageTypeProvider	org.raku.comma.cro.template.findUsages.CroTemplateUsageTypeProvider
CroTemplateColorSettingsPage	org.raku.comma.cro.template.highlighter.CroTemplateColorSettingsPage
CroTemplateMacroIndex	org.raku.comma.cro.template.psi.stub.index.CroTemplateMacroIndex
CroTemplateSubIndex	org.raku.comma.cro.template.psi.stub.index.CroTemplateSubIndex
RakuDebugRunner	org.raku.comma.debugger.RakuDebugRunner
RakuLineBreakpointType	org.raku.comma.debugger.RakuLineBreakpointType
BackspaceUnicodeHandler	org.raku.comma.editor.BackspaceUnicodeHandler
RakuEnterDelegate	org.raku.comma.editor.RakuEnterDelegate
RakuIndexPatternBuilder	org.raku.comma.editor.RakuIndexPatternBuilder
RakuStatementMover	org.raku.comma.editor.RakuStatementMover
SigilCompletionAutoPopupHandler	org.raku.comma.editor.SigilCompletionAutoPopupHandler
UnicodeReplacementHandler	org.raku.comma.editor.UnicodeReplacementHandler
RakuFileShebangTypeDetector	org.raku.comma.filetypes.RakuFileShebangTypeDetector
RakuFileTypeDetector	org.raku.comma.filetypes.RakuFileTypeDetector
RakudoFileShebangTypeDetector	org.raku.comma.filetypes.RakudoFileShebangTypeDetector
RakuUsageTypeProvider	org.raku.comma.findUsages.RakuUsageTypeProvider
RakuCodeStyleSettingsProvider	org.raku.comma.formatter.RakuCodeStyleSettingsProvider
RakuFormatPostprocessor	org.raku.comma.formatter.RakuFormatPostprocessor
RakuHeapSnapshotRunner	org.raku.comma.heapsnapshot.run.RakuHeapSnapshotRunner
RakuColorSettingsPage	org.raku.comma.highlighter.RakuColorSettingsPage
RakuHighlightVisitor	org.raku.comma.highlighter.RakuHighlightVisitor
RakuLibraryType	org.raku.comma.library.RakuLibraryType
AddUseProcessor	org.raku.comma.liveTemplates.AddUseProcessor
CroClientVar	org.raku.comma.liveTemplates.CroClientVar
RakuContext	org.raku.comma.liveTemplates.RakuContext
RakuSuggestVariableName	org.raku.comma.liveTemplates.RakuSuggestVariableName
RakuImportProfileRunner	org.raku.comma.profiler.run.RakuImportProfileRunner
RakuProfileRunner	org.raku.comma.profiler.run.RakuProfileRunner
RakuProjectOpenProcessor	org.raku.comma.project.RakuProjectOpenProcessor
ProjectIsRakudoCoreDetector	org.raku.comma.project.activity.ProjectIsRakudoCoreDetector
RakuServiceStarter	org.raku.comma.project.activity.RakuServiceStarter
RakuModuleConfigurationEditorProvider	org.raku.comma.project.structure.module.RakuModuleConfigurationEditorProvider
CroTemplatePartStubIndex	org.raku.comma.psi.stub.index.CroTemplatePartStubIndex
ProjectModulesStubIndex	org.raku.comma.psi.stub.index.ProjectModulesStubIndex
RakuAllAttributesStubIndex	org.raku.comma.psi.stub.index.RakuAllAttributesStubIndex
RakuAllConstantsStubIndex	org.raku.comma.psi.stub.index.RakuAllConstantsStubIndex
RakuAllRegexesStubIndex	org.raku.comma.psi.stub.index.RakuAllRegexesStubIndex
RakuAllRoutinesStubIndex	org.raku.comma.psi.stub.index.RakuAllRoutinesStubIndex
RakuDynamicVariablesStubIndex	org.raku.comma.psi.stub.index.RakuDynamicVariablesStubIndex
RakuGlobalTypeStubIndex	org.raku.comma.psi.stub.index.RakuGlobalTypeStubIndex
RakuLexicalTypeStubIndex	org.raku.comma.psi.stub.index.RakuLexicalTypeStubIndex
RakuActionProvider	org.raku.comma.readerMode.RakuActionProvider
RakuDefaultReaderModeMatcher	org.raku.comma.readerMode.RakuDefaultReaderModeMatcher
RakuModuleEditorProvider	org.raku.comma.readerMode.RakuModuleEditorProvider
RakuInlineCallActionHandler	org.raku.comma.refactoring.inline.call.RakuInlineCallActionHandler
RakuInlineVariableActionHandler	org.raku.comma.refactoring.inline.variable.RakuInlineVariableActionHandler
RakuModuleRenameProcessor	org.raku.comma.rename.RakuModuleRenameProcessor
RakuPsiElementProcessor	org.raku.comma.rename.RakuPsiElementProcessor
RakuCompleteRunConfigurationType	org.raku.comma.run.RakuCompleteRunConfigurationType
RakuHeapSnapshotExecutor	org.raku.comma.run.RakuHeapSnapshotExecutor
RakuOutputLinkProvider	org.raku.comma.run.RakuOutputLinkProvider
RakuProfileExecutor	org.raku.comma.run.RakuProfileExecutor
RakuSdkStatusBarWidgetFactory	org.raku.comma.sdk.chooser.RakuSdkStatusBarWidgetFactory
RakuModuleInstallPromptStarter	org.raku.comma.services.project.RakuModuleInstallPromptStarter
RakuProjectStructureProvider	org.raku.comma.structureView.RakuProjectStructureProvider
RakuStructureAwareNavbar	org.raku.comma.structureView.RakuStructureAwareNavbar
RakuCompleteTestConfigurationType	org.raku.comma.testing.RakuCompleteTestConfigurationType
RakuCompleteTestRunConfigurationProducer	org.raku.comma.testing.RakuCompleteTestRunConfigurationProducer
RakuTimelineExecutor	org.raku.comma.timeline.RakuTimelineExecutor
RakuTimelineRunner	org.raku.comma.timeline.RakuTimelineRunner
RakuStatusBarWidgetFactory	org.raku.comma.ui.editorMenu.RakuStatusBarWidgetFactory
RakuErrorReportSubmitter	org.raku.comma.utils.RakuErrorReportSubmitter
RakuLegacyExtensionsDetector	org.raku.comma.utils.RakuLegacyExtensionsDetector
